../Core/Src/main.c:67:9:dec_to_bin	24	static
../Core/Src/main.c:73:5:bin_to_dec	16	static
../Core/Src/main.c:92:6:set_time	48	static
../Core/Src/main.c:111:6:get_time	48	static
../Core/Src/main.c:129:6:lcd_send_cmd	40	static
../Core/Src/main.c:144:6:lcd_send_data	40	static
../Core/Src/main.c:161:6:lcd_init	16	static
../Core/Src/main.c:193:6:lcd_send_string	16	static
../Core/Src/main.c:199:6:lcd_clear	24	static
../Core/Src/main.c:210:6:lcd_set_cursor	16	static
../Core/Src/main.c:224:6:lcd_cursor_off	16	static
../Core/Src/main.c:235:5:main	48	static
../Core/Src/main.c:300:6:SystemClock_Config	104	static
../Core/Src/main.c:345:13:MX_I2C1_Init	8	static
../Core/Src/main.c:393:13:MX_USART2_UART_Init	8	static
../Core/Src/main.c:428:13:MX_GPIO_Init	56	static
../Core/Src/main.c:464:6:Error_Handler	8	static,ignoring_inline_asm
