20:40:28 **** Incremental Build of configuration Debug for project Lesson6_OptoRes ****
make -j9 all 
arm-none-eabi-gcc "../Core/Src/main.c" -mcpu=cortex-m0 -std=gnu11 -g3 -DDEBUG -DUSE_HAL_DRIVER -DSTM32F051x8 -c -I../Core/Inc -I../Drivers/STM32F0xx_HAL_Driver/Inc -I../Drivers/STM32F0xx_HAL_Driver/Inc/Legacy -I../Drivers/CMSIS/Device/ST/STM32F0xx/Include -I../Drivers/CMSIS/Include -O0 -ffunction-sections -fdata-sections -Wall -fstack-usage -MMD -MP -MF"Core/Src/main.d" -MT"Core/Src/main.o" --specs=nano.specs -mfloat-abi=soft -mthumb -o "Core/Src/main.o"
arm-none-eabi-gcc -o "Lesson6_OptoRes.elf" @"objects.list"   -mcpu=cortex-m0 -T"/Users/comradeos/Workspace/stm32/Lesson6_OptoRes/STM32F051R8TX_FLASH.ld" --specs=nosys.specs -Wl,-Map="Lesson6_OptoRes.map" -Wl,--gc-sections -static --specs=nano.specs -mfloat-abi=soft -mthumb -Wl,--start-group -lc -lm -Wl,--end-group
Finished building target: Lesson6_OptoRes.elf
 
arm-none-eabi-size   Lesson6_OptoRes.elf 
arm-none-eabi-objdump -h -S  Lesson6_OptoRes.elf  > "Lesson6_OptoRes.list"
   text	   data	    bss	    dec	    hex	filename
  28400	    120	   1816	  30336	   7680	Lesson6_OptoRes.elf
Finished building: default.size.stdout
 
Finished building: Lesson6_OptoRes.list
 

20:40:29 Build Finished. 0 errors, 0 warnings. (took 567ms)

