11:36:18 **** Incremental Build of configuration Debug for project STM32F0Discovery ****
make -j9 all 
arm-none-eabi-gcc "../Core/Src/main.c" -mcpu=cortex-m0 -std=gnu11 -g3 -DDEBUG -DUSE_HAL_DRIVER -DSTM32F051x8 -c -I../Core/Inc -I../Drivers/STM32F0xx_HAL_Driver/Inc -I../Drivers/STM32F0xx_HAL_Driver/Inc/Legacy -I../Drivers/CMSIS/Device/ST/STM32F0xx/Include -I../Drivers/CMSIS/Include -O0 -ffunction-sections -fdata-sections -Wall -fstack-usage -MMD -MP -MF"Core/Src/main.d" -MT"Core/Src/main.o" --specs=nano.specs -mfloat-abi=soft -mthumb -o "Core/Src/main.o"
arm-none-eabi-gcc -o "STM32F0Discovery.elf" @"objects.list"   -mcpu=cortex-m0 -T"/Users/comradeos/Workspace/stm32/STM32F0Discovery/STM32F051R8TX_FLASH.ld" --specs=nosys.specs -Wl,-Map="STM32F0Discovery.map" -Wl,--gc-sections -static --specs=nano.specs -mfloat-abi=soft -mthumb -Wl,--start-group -lc -lm -Wl,--end-group
Finished building target: STM32F0Discovery.elf
 
arm-none-eabi-size   STM32F0Discovery.elf 
arm-none-eabi-objdump -h -S  STM32F0Discovery.elf  > "STM32F0Discovery.list"
   text	   data	    bss	    dec	    hex	filename
   4980	     20	   1572	   6572	   19ac	STM32F0Discovery.elf
Finished building: default.size.stdout
 
Finished building: STM32F0Discovery.list
 

11:36:19 Build Finished. 0 errors, 0 warnings. (took 523ms)

